// Jest Snapshot v1, https://goo.gl/fbAQLP

exports[`test 是个div 1`] = `
<div>
  button
</div>
`;
